// Jest Snapshot v1, https://goo.gl/fbAQLP

exports[`renders correctly 1`] = `
<div
  className="authen-page"
>
  <div>
    <i
      className="fas fa-user-circle"
    />
  </div>
  <form
    onSubmit={[Function]}
  >
    <input
      placeholder="Your email"
      required={true}
      type="email"
    />
    <input
      placeholder="Password"
      required={true}
      type="password"
    />
    <button
      type="submit"
    >
      Log in
    </button>
  </form>
  <div
    className="authen-text"
  >
    <div>
      Have not you signed up yet?
    </div>
    <div>
      Go to the
       
      <a
        href="/sign_up"
        onClick={[Function]}
      >
        Sign up page
      </a>
    </div>
  </div>
  <div
    className="ielts-text authen-text"
  >
    <div>
      Check out
       
      <a
        href="https://www.ielts.org/about-ielts/what-is-ielts"
        onClick={[Function]}
        target="_blank"
      >
        the link
      </a>
       
      to find out more about IELTS.
    </div>
  </div>
</div>
`;
